
> Janus7@0.9.12.46 test
> npm run validate


> Janus7@0.9.12.46 validate
> node tools/validate-json.mjs && node tools/validate-academy-data.mjs && node tools/validate-security.mjs && node tools/validate-imports.mjs && node tools/validate-test-registry.mjs && node tools/validate-test-manifest.mjs && node tools/validate-no-hardcoded-module-paths.mjs && node tools/validate-version-sync.mjs

JSON validation ok (105 files)
node.exe : [ACADEMY 
REFERENCES] errors=0 
warnings=2
In Zeile:1 Zeichen:1
+ & "C:\Program 
Files\nodejs/node.exe" 
"C:\Program 
Files\nodejs/node_mo ...
+ ~~~~~~~~~~~~~~~~~~~~~~~~~
~~~~~~~~~~~~~~~~~~~~~~~~~~~
~~~~~~~~~~~~~~~~~
    + CategoryInfo         
     : NotSpecified: ([AC  
  ADEMY REFERENCES] erro   
 rs=0 warnings=2:String    
) [], RemoteException
    + FullyQualifiedErrorI 
   d : NativeCommandError
 
  [WARN] exam 
EXA_Y1_T1_MIDTERM_MAGIEK: 
Referenz interaction.questi
onSetId=EXA_Y1_T1_MIDTERM_M
AGIEK_QS wurde nicht 
gefunden.
  [WARN] exam 
EXA_Y1_T1_FINAL: Referenz i
nteraction.questionSetId=EX
A_Y1_T1_FINAL_QS wurde 
nicht gefunden.
Academy validation ok (schemas=17, refWarnings=2)
[SECURITY] 
innerHTML-Zuweisung in ui\a
pps\StoryGraphApp.js:103 
(XSS-Risiko - TextContent 
oder sanitize() verwenden)
